Microchip MPLAB XC8 Compiler V2.32

Linker command line:

-W-3 --edf=C:\Program Files\Microchip\xc8\v2.32\pic\dat\en_msgs.txt -cn \
  -h+dist/default/debug\ProjektPIM.X.debug.sym \
  --cmf=dist/default/debug\ProjektPIM.X.debug.cmf -z -Q16F74 \
  -oC:\Users\part4\AppData\Local\Temp\xcAsidg.4 --defsym=__MPLAB_BUILD=1 \
  -Mdist/default/debug/ProjektPIM.X.debug.map -E1 -ver=XC8 Compiler \
  --acfsm=1493 -ASTACK=0A0h-0FDh -pstack=STACK -ACODE=00h-07FFhx2 \
  -ASTRCODE=00h-0FFFh -ASTRING=00h-0FFhx16 -ACONST=00h-0FFhx16 \
  -AENTRY=00h-0FFhx16 -ABANK0=020h-07Dh -ABANK1=0A0h-0FDh \
  -ARAM=020h-07Dh,0A0h-0FDh -AABS1=020h-07Fh,0A0h-0FFh -ACOMMON=07Eh-07Fh \
  -ASFR0=00h-01Fh -ASFR1=080h-09Fh -ASFR2=0100h-017Dh -ASFR3=0180h-01FDh \
  -ACONFIG=02007h-02007h -DCONFIG=2 -AIDLOC=02000h-02003h -DIDLOC=2 \
  -DCODE=2 -DSTRCODE=2 -DSTRING=2 -DCONST=2 -DENTRY=2 \
  -preset_vec=00h,intentry=04h,init,end_init -ppowerup=CODE -pcinit=CODE \
  -pfunctab=ENTRY -k C:\Users\part4\AppData\Local\Temp\xcAsidg.o \
  dist/default/debug\ProjektPIM.X.debug.o 

Object code version is 3.11

Machine type is 16F74



                Name                               Link     Load   Length Selector   Space Scale
C:\Users\part4\AppData\Local\Temp\xcAsidg.o
                end_init                             11       11        2        8       0
                reset_vec                             0        0        2        0       0
dist/default/debug\ProjektPIM.X.debug.o
                cinit                                13       13       12        8       0
                intentry                              4        4        D        8       0
                text9                               E62      E62       29     1CC4       0
                text8                                25       25      34F        8       0
                text7                               374      374      288        8       0
                text6                               E40      E40       22     1C80       0
                text5                               EC8      EC8       7C     1D90       0
                text4                               F44      F44       BC     1E88       0
                text3                               709      709       E5        8       0
                text2                               E8B      E8B       3D     1D16       0
                text1                               5FC      5FC      10D        8       0
                maintext                            E2B      E2B       15     1C56       0
                cstackBANK0                          20       20       40       20       1
                clrtext                             7F7      7F7        8      FEE       0
                dataBANK0                            79       79        2       20       1
                bssBANK0                             60       60       19       20       1
                strings                             7EE      7EE        9      FDC       0
                idataBANK0                            2        2        2        0       0

TOTAL           Name                               Link     Load   Length     Space
        CLASS   STACK          

        CLASS   CODE           
                end_init                             11       11        2         0
                cinit                                13       13       12         0
                intentry                              4        4        D         0
                reset_vec                             0        0        2         0
                text9                               E62      E62       29         0
                text8                                25       25      34F         0
                text7                               374      374      288         0
                text6                               E40      E40       22         0
                text5                               EC8      EC8       7C         0
                text4                               F44      F44       BC         0
                text3                               709      709       E5         0
                text2                               E8B      E8B       3D         0
                text1                               5FC      5FC      10D         0
                maintext                            E2B      E2B       15         0
                clrtext                             7F7      7F7        8         0
                idataBANK0                            2        2        2         0

        CLASS   STRCODE        

        CLASS   STRING         
                strings                             7EE      7EE        9         0

        CLASS   CONST          

        CLASS   ENTRY          

        CLASS   BANK0          
                cstackBANK0                          20       20       40         1
                dataBANK0                            79       79        2         1
                bssBANK0                             60       60       19         1

        CLASS   BANK1          

        CLASS   RAM            

        CLASS   ABS1           
                abs_s1                               7E       7E        2         1

        CLASS   COMMON         

        CLASS   SFR0           

        CLASS   SFR1           

        CLASS   SFR2           

        CLASS   SFR3           

        CLASS   CONFIG         

        CLASS   IDLOC          

        CLASS   BANK3          

        CLASS   BANK2          

        CLASS   EEDATA         



SEGMENTS        Name                           Load    Length   Top    Selector   Space  Class     Delta

                reset_vec                      000000  000004  000004         0       0  CODE        2
                intentry                       000004  0007EA  0007EE         8       0  CODE        2
                cstackBANK0                    000020  00005B  00007B        20       1  BANK0       1
                strings                        0007EE  000009  0007F7       FDC       0  STRING      2
                clrtext                        0007F7  000008  0007FF       FEE       0  CODE        2
                maintext                       000E2B  000015  000E40      1C56       0  CODE        2
                text6                          000E40  000022  000E62      1C80       0  CODE        2
                text9                          000E62  000029  000E8B      1CC4       0  CODE        2
                text2                          000E8B  00003D  000EC8      1D16       0  CODE        2
                text5                          000EC8  00007C  000F44      1D90       0  CODE        2
                text4                          000F44  0000BC  001000      1E88       0  CODE        2


UNUSED ADDRESS RANGES

        Name                Unused          Largest block    Delta
        BANK0            007B-007D              3           1
        BANK1            00A0-00FD             5E           1
        CODE             07FF-0E2A              1           2
        CONFIG           2007-2007              1           2
        CONST            07FF-0E2A            100           2
        ENTRY            07FF-0E2A            100           2
        IDLOC            2000-2003              4           2
        RAM              007B-007D              3           1
                         00A0-00FD             5E
        SFR0             0000-001F             20           1
        SFR1             0080-009F             20           1
        SFR2             0100-017D             7E           1
        SFR3             0180-01FD             7E           1
        STACK            00A0-00FD             5E           1
        STRCODE          07FF-0E2A            62C           2
        STRING           07FF-0E2A            100           2

                                  Symbol Table

?__Umul8_16                     cstackBANK0  0020
?___fladd                       cstackBANK0  0020
?___flmul                       cstackBANK0  0029
?___flsub                       cstackBANK0  0034
?___fltol                       cstackBANK0  0020
?___xxtofl                      cstackBANK0  0020
?_policz_przyspieszenie         cstackBANK0  0043
_CCP1CON                        (abs)        0017
_CCP1IE                         (abs)        0462
_CCP1IF                         (abs)        0062
_CCPR1                          (abs)        0015
_GIE                            (abs)        005F
_Obrot1                         bssBANK0     006C
_Obrot2                         bssBANK0     0068
_PEIE                           (abs)        005E
_TMR1                           (abs)        000E
_TMR1CS                         (abs)        0081
_TMR1IE                         (abs)        0460
_TMR1IF                         (abs)        0060
_TMR1ON                         (abs)        0080
_TRISC                          (abs)        0087
__Habs1                         abs1         0000
__Hbank0                        bank0        0000
__Hbank1                        bank1        0000
__Hbank2                        bank2        0000
__Hbank3                        bank3        0000
__HbssBANK0                     bssBANK0     0000
__Hcinit                        cinit        0025
__Hclrtext                      clrtext      0000
__Hcode                         code         0000
__Hcommon                       common       0000
__HcstackBANK0                  cstackBANK0  0000
__HcstackCOMMON                 cstackCOMMON 0000
__HdataBANK0                    dataBANK0    0000
__Heeprom_data                  eeprom_data  0000
__Hend_init                     end_init     0013
__Hfunctab                      functab      0000
__HidataBANK0                   idataBANK0   0000
__Hinit                         init         0011
__Hintentry                     intentry     0011
__Hmaintext                     maintext     0000
__Hpowerup                      powerup      0000
__Hram                          ram          0000
__Hreset_vec                    reset_vec    0002
__Hsfr0                         sfr0         0000
__Hsfr1                         sfr1         0000
__Hsfr2                         sfr2         0000
__Hsfr3                         sfr3         0000
__Hspace_0                      (abs)        1000
__Hspace_1                      (abs)        007B
__Hspace_2                      (abs)        0000
__Hspace_3                      (abs)        0000
__Hstack                        stack        0000
__Hstrings                      strings      0000
__Htext                         text         0000
__Labs1                         abs1         0000
__Lbank0                        bank0        0000
__Lbank1                        bank1        0000
__Lbank2                        bank2        0000
__Lbank3                        bank3        0000
__LbssBANK0                     bssBANK0     0000
__Lcinit                        cinit        0013
__Lclrtext                      clrtext      0000
__Lcode                         code         0000
__Lcommon                       common       0000
__LcstackBANK0                  cstackBANK0  0000
__LcstackCOMMON                 cstackCOMMON 0000
__LdataBANK0                    dataBANK0    0000
__Leeprom_data                  eeprom_data  0000
__Lend_init                     end_init     0011
__Lfunctab                      functab      0000
__LidataBANK0                   idataBANK0   0000
__Linit                         init         0011
__Lintentry                     intentry     0004
__Lmaintext                     maintext     0000
__Lpowerup                      powerup      0000
__Lram                          ram          0000
__Lreset_vec                    reset_vec    0000
__Lsfr0                         sfr0         0000
__Lsfr1                         sfr1         0000
__Lsfr2                         sfr2         0000
__Lsfr3                         sfr3         0000
__Lspace_0                      (abs)        0000
__Lspace_1                      (abs)        0000
__Lspace_2                      (abs)        0000
__Lspace_3                      (abs)        0000
__Lstack                        stack        0000
__Lstrings                      strings      0000
__Ltext                         text         0000
__S0                            (abs)        1000
__S1                            (abs)        007B
__S2                            (abs)        0000
__Umul8_16                      text9        0E62
__Umul8_16@multiplicand         cstackBANK0  0020
__Umul8_16@multiplier           cstackBANK0  0028
__Umul8_16@product              cstackBANK0  0024
__Umul8_16@word_mpld            cstackBANK0  0026
___fladd                        text7        0374
___fladd@a                      cstackBANK0  0024
___fladd@aexp                   cstackBANK0  0031
___fladd@b                      cstackBANK0  0020
___fladd@bexp                   cstackBANK0  0032
___fladd@grs                    cstackBANK0  0033
___fladd@signs                  cstackBANK0  0030
___flmul                        text8        0025
___flmul@a                      cstackBANK0  002D
___flmul@aexp                   cstackBANK0  003B
___flmul@b                      cstackBANK0  0029
___flmul@bexp                   cstackBANK0  003C
___flmul@grs                    cstackBANK0  0037
___flmul@prod                   cstackBANK0  003D
___flmul@sign                   cstackBANK0  0036
___flmul@temp                   cstackBANK0  0041
___flsub                        text6        0E40
___flsub@a                      cstackBANK0  0034
___flsub@b                      cstackBANK0  0038
___fltol                        text5        0EC8
___fltol@exp1                   cstackBANK0  002A
___fltol@f1                     cstackBANK0  0020
___fltol@sign1                  cstackBANK0  0029
___int_sp                       stack        0000
___latbits                      (abs)        0001
___sp                           stack        0000
___stackhi                      (abs)        0000
___stacklo                      (abs)        0000
___xxtofl                       text4        0F44
___xxtofl@arg                   cstackBANK0  002A
___xxtofl@exp                   cstackBANK0  0029
___xxtofl@sign                  cstackBANK0  0028
___xxtofl@val                   cstackBANK0  0020
__end_of__Umul8_16              text9        0E8B
__end_of___fladd                text7        05FC
__end_of___flmul                text8        0374
__end_of___flsub                text6        0E62
__end_of___fltol                text5        0F44
__end_of___xxtofl               text4        1000
__end_of__initialization        cinit        0022
__end_of__stringtab             strings      07F4
__end_of_konwersja_na_bity      text3        07EE
__end_of_main                   maintext     0E40
__end_of_policz_przyspieszenie  text2        0EC8
__end_of_zero                   text1        0709
__initialization                cinit        0013
__pbssBANK0                     bssBANK0     0060
__pcstackBANK0                  cstackBANK0  0020
__pcstackCOMMON                 cstackCOMMON 0000
__pdataBANK0                    dataBANK0    0079
__pidataBANK0                   idataBANK0   0002
__pintentry                     intentry     0004
__pmaintext                     maintext     0E2B
__pstrings                      strings      07EE
__ptext1                        text1        05FC
__ptext2                        text2        0E8B
__ptext3                        text3        0709
__ptext4                        text4        0F44
__ptext5                        text5        0EC8
__ptext6                        text6        0E40
__ptext7                        text7        0374
__ptext8                        text8        0025
__ptext9                        text9        0E62
__size_of__Umul8_16             (abs)        0000
__size_of___fladd               (abs)        0000
__size_of___flmul               (abs)        0000
__size_of___flsub               (abs)        0000
__size_of___fltol               (abs)        0000
__size_of___xxtofl              (abs)        0000
__size_of_konwersja_na_bity     (abs)        0000
__size_of_main                  (abs)        0000
__size_of_policz_przyspieszenie (abs)        0000
__size_of_zero                  (abs)        0000
__stringbase                    strings      07F3
__stringtab                     strings      07EE
_counter                        dataBANK0    0079
_konwersja_na_bity              text3        0709
_konwersja_na_bity$90           cstackBANK0  004E
_main                           maintext     0E2B
_policz_przyspieszenie          text2        0E8B
_policz_przyspieszenie$537      cstackBANK0  0047
_przysp                         bssBANK0     0060
_putch                          (abs)        0000
_roznica                        bssBANK0     0064
_wynik                          bssBANK0     0070
_zero                           text1        05FC
btemp                           (abs)        007E
clear_ram0                      clrtext      07F7
end_of_initialization           cinit        0022
interrupt_function              intentry     0004
intlevel0                       functab      0000
intlevel1                       functab      0000
intlevel2                       functab      0000
intlevel3                       functab      0000
intlevel4                       functab      0000
intlevel5                       functab      0000
konwersja_na_bity@cz_calk       cstackBANK0  0056
konwersja_na_bity@cz_ulamk      cstackBANK0  004A
konwersja_na_bity@i             cstackBANK0  0054
konwersja_na_bity@n             cstackBANK0  0050
konwersja_na_bity@wart          cstackBANK0  0043
konwersja_na_bity@wynik         cstackBANK0  0047
policz_przyspieszenie@t         cstackBANK0  0043
reset_vec                       reset_vec    0000
saved_w                         (abs)        007E
start                           init         0011
start_initialization            cinit        0013
wtemp0                          (abs)        007E


MODULE INFORMATION

Module		Function		Class		Link	Load	Size
C:\Program Files\Microchip\xc8\v2.32\pic\sources\c90\common\sprcadd.c
		___flsub       		CODE           	0E40	0000	34
		___fladd       		CODE           	0374	0000	648

C:\Program Files\Microchip\xc8\v2.32\pic\sources\c90\common\sprcadd.c estimated size: 682

C:\Program Files\Microchip\xc8\v2.32\pic\sources\c90\common\xxtofl.c
		___xxtofl      		CODE           	0F44	0000	188

C:\Program Files\Microchip\xc8\v2.32\pic\sources\c90\common\xxtofl.c estimated size: 188

C:\Program Files\Microchip\xc8\v2.32\pic\sources\c90\common\Umul8_16.c
		__Umul8_16     		CODE           	0E62	0000	41

C:\Program Files\Microchip\xc8\v2.32\pic\sources\c90\common\Umul8_16.c estimated size: 41

shared
		__stringtab    		STRING         	07EE	0000	6
		__initialization		CODE           	0013	0000	15

shared estimated size: 21

C:\Program Files\Microchip\xc8\v2.32\pic\sources\c90\common\sprcmul.c
		___flmul       		CODE           	0025	0000	847

C:\Program Files\Microchip\xc8\v2.32\pic\sources\c90\common\sprcmul.c estimated size: 847

main.c
		_main          		CODE           	0E2B	0000	21
		_zero          		CODE           	05FC	0000	269

main.c estimated size: 290

C:\Program Files\Microchip\xc8\v2.32\pic\sources\c90\common\fltol.c
		___fltol       		CODE           	0EC8	0000	124

C:\Program Files\Microchip\xc8\v2.32\pic\sources\c90\common\fltol.c estimated size: 124

Przyspieszenie.c
		_policz_przyspieszenie		CODE           	0E8B	0000	61
		_konwersja_na_bity		CODE           	0709	0000	229

Przyspieszenie.c estimated size: 290

