Microchip MPLAB XC8 Compiler V2.32

Linker command line:

-W-3 --edf=C:\Program Files\Microchip\xc8\v2.32\pic\dat\en_msgs.txt -cn \
  -h+dist/default/production\ProjektPIM.X.production.sym \
  --cmf=dist/default/production\ProjektPIM.X.production.cmf -z -Q16F74 \
  -oC:\Users\part4\AppData\Local\Temp\xcAs34g.4 --defsym=__MPLAB_BUILD=1 \
  -Mdist/default/production/ProjektPIM.X.production.map -E1 \
  -ver=XC8 Compiler --acfsm=1493 -ASTACK=0A0h-0FDh -pstack=STACK \
  -ACODE=00h-07FFhx2 -ASTRCODE=00h-0FFFh -ASTRING=00h-0FFhx16 \
  -ACONST=00h-0FFhx16 -AENTRY=00h-0FFhx16 -ABANK0=020h-07Dh \
  -ABANK1=0A0h-0FDh -ARAM=020h-07Dh,0A0h-0FDh -AABS1=020h-07Fh,0A0h-0FFh \
  -ACOMMON=07Eh-07Fh -ASFR0=00h-01Fh -ASFR1=080h-09Fh -ASFR2=0100h-017Dh \
  -ASFR3=0180h-01FDh -ACONFIG=02007h-02007h -DCONFIG=2 \
  -AIDLOC=02000h-02003h -DIDLOC=2 -DCODE=2 -DSTRCODE=2 -DSTRING=2 -DCONST=2 \
  -DENTRY=2 -preset_vec=00h,intentry=04h,init,end_init -ppowerup=CODE \
  -pcinit=CODE -pfunctab=ENTRY -k \
  C:\Users\part4\AppData\Local\Temp\xcAs34g.o \
  dist/default/production\ProjektPIM.X.production.o 

Object code version is 3.11

Machine type is 16F74



                Name                               Link     Load   Length Selector   Space Scale
C:\Users\part4\AppData\Local\Temp\xcAs34g.o
                end_init                              D        D        2        8       0
                reset_vec                             0        0        2        0       0
dist/default/production\ProjektPIM.X.production.o
                cinit                                 F        F        3        8       0
                intentry                              4        4        9        8       0
                text10                              E2F      E2F        C     1C5E       0
                text9                               E5D      E5D       29     1CBA       0
                text8                                12       12      34F        8       0
                text7                               361      361      288        8       0
                text6                               E3B      E3B       22     1C76       0
                text5                               F44      F44       BC     1E88       0
                text4                               EDC      EDC       68     1DB8       0
                text3                               E86      E86       56     1D0C       0
                text2                               7F8      7F8        1        8       0
                text1                               5E9      5E9      12C        8       0
                maintext                            715      715       E3        8       0
                cstackBANK0                          20       20       3F       20       1
                strings                             800      800       32     1000       0

TOTAL           Name                               Link     Load   Length     Space
        CLASS   STACK          

        CLASS   CODE           
                end_init                              D        D        2         0
                cinit                                 F        F        3         0
                intentry                              4        4        9         0
                reset_vec                             0        0        2         0
                text10                              E2F      E2F        C         0
                text9                               E5D      E5D       29         0
                text8                                12       12      34F         0
                text7                               361      361      288         0
                text6                               E3B      E3B       22         0
                text5                               F44      F44       BC         0
                text4                               EDC      EDC       68         0
                text3                               E86      E86       56         0
                text2                               7F8      7F8        1         0
                text1                               5E9      5E9      12C         0
                maintext                            715      715       E3         0

        CLASS   STRCODE        

        CLASS   STRING         
                strings                             800      800       32         0

        CLASS   CONST          

        CLASS   ENTRY          

        CLASS   BANK0          
                cstackBANK0                          20       20       3F         1

        CLASS   BANK1          

        CLASS   RAM            

        CLASS   ABS1           
                abs_s1                               7E       7E        2         1

        CLASS   COMMON         

        CLASS   SFR0           

        CLASS   SFR1           

        CLASS   SFR2           

        CLASS   SFR3           

        CLASS   CONFIG         

        CLASS   IDLOC          

        CLASS   BANK3          

        CLASS   BANK2          

        CLASS   EEDATA         



SEGMENTS        Name                           Load    Length   Top    Selector   Space  Class     Delta

                reset_vec                      000000  000002  000002         0       0  CODE        2
                intentry                       000004  0007F5  0007F9         8       0  CODE        2
                cstackBANK0                    000020  00003F  00005F        20       1  BANK0       1
                strings                        000800  000032  000832      1000       0  STRING      2
                text10                         000E2F  00000C  000E3B      1C5E       0  CODE        2
                text6                          000E3B  000022  000E5D      1C76       0  CODE        2
                text9                          000E5D  000029  000E86      1CBA       0  CODE        2
                text3                          000E86  000056  000EDC      1D0C       0  CODE        2
                text4                          000EDC  000068  000F44      1DB8       0  CODE        2
                text5                          000F44  0000BC  001000      1E88       0  CODE        2


UNUSED ADDRESS RANGES

        Name                Unused          Largest block    Delta
        BANK0            005F-007D             1F           1
        BANK1            00A0-00FD             5E           1
        CODE             0002-0003              2           2
                         07F9-07FF              7
                         0832-0E2E            5FD
        CONFIG           2007-2007              1           2
        CONST            0002-0003              2           2
                         07F9-07FF              7
                         0832-0E2E            100
        ENTRY            0002-0003              2           2
                         07F9-07FF              7
                         0832-0E2E            100
        IDLOC            2000-2003              4           2
        RAM              005F-007D             1F           1
                         00A0-00FD             5E
        SFR0             0000-001F             20           1
        SFR1             0080-009F             20           1
        SFR2             0100-017D             7E           1
        SFR3             0180-01FD             7E           1
        STACK            00A0-00FD             5E           1
        STRCODE          0002-0003              2           2
                         07F9-07FF              7
                         0832-0E2E            5FD
        STRING           0002-0003              2           2
                         07F9-07FF              7
                         0832-0E2E            100

                                  Symbol Table

?__Umul8_16              cstackBANK0  0022
?___fladd                cstackBANK0  0022
?___flmul                cstackBANK0  002B
?___flsub                cstackBANK0  0036
?___lldiv                cstackBANK0  0022
?___llmod                cstackBANK0  0030
?___xxtofl               cstackBANK0  0022
?_printf                 cstackBANK0  003A
_CCP1CON                 (abs)        0017
_CCP1IF                  (abs)        0062
_CCPR1                   (abs)        0015
_RC2                     (abs)        003A
_TMR1CS                  (abs)        0081
_TMR1ON                  (abs)        0080
_TRISC                   (abs)        0087
__Habs1                  abs1         0000
__Hbank0                 bank0        0000
__Hbank1                 bank1        0000
__Hbank2                 bank2        0000
__Hbank3                 bank3        0000
__Hcinit                 cinit        0012
__Hclrtext               clrtext      0000
__Hcode                  code         0000
__Hcommon                common       0000
__HcstackBANK0           cstackBANK0  0000
__HcstackCOMMON          cstackCOMMON 0000
__Heeprom_data           eeprom_data  0000
__Hend_init              end_init     000F
__Hfunctab               functab      0000
__Hinit                  init         000D
__Hintentry              intentry     000D
__Hmaintext              maintext     0000
__Hpowerup               powerup      0000
__Hram                   ram          0000
__Hreset_vec             reset_vec    0002
__Hsfr0                  sfr0         0000
__Hsfr1                  sfr1         0000
__Hsfr2                  sfr2         0000
__Hsfr3                  sfr3         0000
__Hspace_0               (abs)        1000
__Hspace_1               (abs)        005F
__Hspace_2               (abs)        0000
__Hspace_3               (abs)        0000
__Hstack                 stack        0000
__Hstrings               strings      0000
__Htext                  text         0000
__Labs1                  abs1         0000
__Lbank0                 bank0        0000
__Lbank1                 bank1        0000
__Lbank2                 bank2        0000
__Lbank3                 bank3        0000
__Lcinit                 cinit        000F
__Lclrtext               clrtext      0000
__Lcode                  code         0000
__Lcommon                common       0000
__LcstackBANK0           cstackBANK0  0000
__LcstackCOMMON          cstackCOMMON 0000
__Leeprom_data           eeprom_data  0000
__Lend_init              end_init     000D
__Lfunctab               functab      0000
__Linit                  init         000D
__Lintentry              intentry     0004
__Lmaintext              maintext     0000
__Lpowerup               powerup      0000
__Lram                   ram          0000
__Lreset_vec             reset_vec    0000
__Lsfr0                  sfr0         0000
__Lsfr1                  sfr1         0000
__Lsfr2                  sfr2         0000
__Lsfr3                  sfr3         0000
__Lspace_0               (abs)        0000
__Lspace_1               (abs)        0000
__Lspace_2               (abs)        0000
__Lspace_3               (abs)        0000
__Lstack                 stack        0000
__Lstrings               strings      0000
__Ltext                  text         0000
__S0                     (abs)        1000
__S1                     (abs)        005F
__S2                     (abs)        0000
__Umul8_16               text9        0E5D
__Umul8_16@multiplicand  cstackBANK0  0022
__Umul8_16@multiplier    cstackBANK0  002A
__Umul8_16@product       cstackBANK0  0026
__Umul8_16@word_mpld     cstackBANK0  0028
___fladd                 text7        0361
___fladd@a               cstackBANK0  0026
___fladd@aexp            cstackBANK0  0033
___fladd@b               cstackBANK0  0022
___fladd@bexp            cstackBANK0  0034
___fladd@grs             cstackBANK0  0035
___fladd@signs           cstackBANK0  0032
___flmul                 text8        0012
___flmul@a               cstackBANK0  002F
___flmul@aexp            cstackBANK0  003D
___flmul@b               cstackBANK0  002B
___flmul@bexp            cstackBANK0  003E
___flmul@grs             cstackBANK0  0039
___flmul@prod            cstackBANK0  003F
___flmul@sign            cstackBANK0  0038
___flmul@temp            cstackBANK0  0043
___flsub                 text6        0E3B
___flsub@a               cstackBANK0  0036
___flsub@b               cstackBANK0  003A
___int_sp                stack        0000
___latbits               (abs)        0001
___lldiv                 text4        0EDC
___lldiv@counter         cstackBANK0  002F
___lldiv@dividend        cstackBANK0  0026
___lldiv@divisor         cstackBANK0  0022
___lldiv@quotient        cstackBANK0  002B
___llmod                 text3        0E86
___llmod@counter         cstackBANK0  0039
___llmod@dividend        cstackBANK0  0034
___llmod@divisor         cstackBANK0  0030
___sp                    stack        0000
___stackhi               (abs)        0000
___stacklo               (abs)        0000
___xxtofl                text5        0F44
___xxtofl@arg            cstackBANK0  002C
___xxtofl@exp            cstackBANK0  002B
___xxtofl@sign           cstackBANK0  002A
___xxtofl@val            cstackBANK0  0022
__end_of__Umul8_16       text9        0E86
__end_of___fladd         text7        05E9
__end_of___flmul         text8        0361
__end_of___flsub         text6        0E5D
__end_of___lldiv         text4        0F44
__end_of___llmod         text3        0EDC
__end_of___xxtofl        text5        1000
__end_of__initialization cinit        000F
__end_of__stringtab      strings      0806
__end_of_dpowers         strings      082E
__end_of_main            maintext     07F8
__end_of_printf          text1        0715
__end_of_putch           text2        07F9
__end_of_zero            text10       0E3B
__initialization         cinit        000F
__pcstackBANK0           cstackBANK0  0020
__pcstackCOMMON          cstackCOMMON 0000
__pintentry              intentry     0004
__pmaintext              maintext     0715
__pstrings               strings      0800
__ptext1                 text1        05E9
__ptext10                text10       0E2F
__ptext2                 text2        07F8
__ptext3                 text3        0E86
__ptext4                 text4        0EDC
__ptext5                 text5        0F44
__ptext6                 text6        0E3B
__ptext7                 text7        0361
__ptext8                 text8        0012
__ptext9                 text9        0E5D
__size_of__Umul8_16      (abs)        0000
__size_of___fladd        (abs)        0000
__size_of___flmul        (abs)        0000
__size_of___flsub        (abs)        0000
__size_of___lldiv        (abs)        0000
__size_of___llmod        (abs)        0000
__size_of___xxtofl       (abs)        0000
__size_of_main           (abs)        0000
__size_of_printf         (abs)        0000
__size_of_putch          (abs)        0000
__size_of_zero           (abs)        0000
__stringbase             strings      0805
__stringtab              strings      0800
_dpowers                 strings      0806
_main                    maintext     0715
_main$504                cstackBANK0  004D
_printf                  text1        05E9
_putch                   text2        07F8
_zero                    text10       0E2F
btemp                    (abs)        007E
end_of_initialization    cinit        000F
interrupt_function       intentry     0004
intlevel0                functab      0000
intlevel1                functab      0000
intlevel2                functab      0000
intlevel3                functab      0000
intlevel4                functab      0000
intlevel5                functab      0000
main@Obrot1              cstackBANK0  0055
main@Obrot2              cstackBANK0  0057
main@counter             cstackBANK0  005D
main@przysp              cstackBANK0  0051
main@roznica             cstackBANK0  0059
printf@ap                cstackBANK0  0046
printf@c                 cstackBANK0  004C
printf@f                 cstackBANK0  0045
printf@flag              cstackBANK0  0047
printf@prec              cstackBANK0  0043
printf@val               cstackBANK0  0048
reset_vec                reset_vec    0000
saved_w                  (abs)        007E
start                    init         000D
start_initialization     cinit        000F
wtemp0                   (abs)        007E


MODULE INFORMATION

Module		Function		Class		Link	Load	Size
C:\Program Files\Microchip\xc8\v2.32\pic\sources\c90\common\sprcadd.c
		___flsub       		CODE           	0E3B	0000	34
		___fladd       		CODE           	0361	0000	648

C:\Program Files\Microchip\xc8\v2.32\pic\sources\c90\common\sprcadd.c estimated size: 682

C:\Program Files\Microchip\xc8\v2.32\pic\sources\c90\common\xxtofl.c
		___xxtofl      		CODE           	0F44	0000	188

C:\Program Files\Microchip\xc8\v2.32\pic\sources\c90\common\xxtofl.c estimated size: 188

C:\Program Files\Microchip\xc8\v2.32\pic\sources\c90\common\Umul8_16.c
		__Umul8_16     		CODE           	0E5D	0000	41

C:\Program Files\Microchip\xc8\v2.32\pic\sources\c90\common\Umul8_16.c estimated size: 41

C:\Program Files\Microchip\xc8\v2.32\pic\sources\c90\common\putch.c
		_putch         		CODE           	07F8	0000	1

C:\Program Files\Microchip\xc8\v2.32\pic\sources\c90\common\putch.c estimated size: 1

C:\Program Files\Microchip\xc8\v2.32\pic\sources\c90\common\llmod.c
		___llmod       		CODE           	0E86	0000	86

C:\Program Files\Microchip\xc8\v2.32\pic\sources\c90\common\llmod.c estimated size: 86

shared
		__stringtab    		STRING         	0800	0000	6
		_dpowers       		STRING         	0806	0000	40
		__initialization		CODE           	000F	0000	1

shared estimated size: 47

C:\Program Files\Microchip\xc8\v2.32\pic\sources\c90\common\sprcmul.c
		___flmul       		CODE           	0012	0000	847

C:\Program Files\Microchip\xc8\v2.32\pic\sources\c90\common\sprcmul.c estimated size: 847

C:\Program Files\Microchip\xc8\v2.32\pic\sources\c90\common\doprnt.c
		_printf        		CODE           	05E9	0000	300

C:\Program Files\Microchip\xc8\v2.32\pic\sources\c90\common\doprnt.c estimated size: 300

main.c
		_main          		CODE           	0715	0000	227
		_zero          		CODE           	0E2F	0000	12

main.c estimated size: 239

C:\Program Files\Microchip\xc8\v2.32\pic\sources\c90\common\__lldiv.c
		___lldiv       		CODE           	0EDC	0000	104

C:\Program Files\Microchip\xc8\v2.32\pic\sources\c90\common\__lldiv.c estimated size: 104

